// Jest Snapshot v1, https://goo.gl/fbAQLP

exports[`SmallCartBox renders BaseSmallCartBox correctly 1`] = `
Object {
  "asFragment": [Function],
  "baseElement": <body>
    <div>
      <div
        class="container justify--evenly container--wrap--s"
      >
        <div
          class="g--6 g-s--12"
        >
          <p
            class="inline card-subtitle"
          >
            Price: 1,500,000 VND
          </p>
        </div>
        <div
          class="g--6 g-s--12"
        >
          <div
            class="card"
          >
            <div
              class="container justify--between"
            >
              <div
                class="g--4"
              >
                <p
                  class="mt-1"
                >
                  Quantity
                </p>
              </div>
              <div
                class="g--8"
              >
                <div
                  class="container container--center"
                >
                  <div
                    class="g--4 no-margin-vertical"
                  >
                    <button
                      class="btn--float "
                    >
                      -
                    </button>
                  </div>
                  <div
                    class="g--4 text-center"
                  >
                    <p>
                      5
                    </p>
                  </div>
                  <div
                    class="g--4 no-margin-vertical"
                  >
                    <button
                      class="btn--float "
                    >
                      +
                    </button>
                  </div>
                </div>
              </div>
            </div>
            <div
              class="container"
            >
              <div
                class="g--12"
              >
                <button
                  class="btn--raised w-100"
                >
                  Add to cart
                </button>
              </div>
            </div>
          </div>
        </div>
      </div>
    </div>
  </body>,
  "container": <div>
    <div
      class="container justify--evenly container--wrap--s"
    >
      <div
        class="g--6 g-s--12"
      >
        <p
          class="inline card-subtitle"
        >
          Price: 1,500,000 VND
        </p>
      </div>
      <div
        class="g--6 g-s--12"
      >
        <div
          class="card"
        >
          <div
            class="container justify--between"
          >
            <div
              class="g--4"
            >
              <p
                class="mt-1"
              >
                Quantity
              </p>
            </div>
            <div
              class="g--8"
            >
              <div
                class="container container--center"
              >
                <div
                  class="g--4 no-margin-vertical"
                >
                  <button
                    class="btn--float "
                  >
                    -
                  </button>
                </div>
                <div
                  class="g--4 text-center"
                >
                  <p>
                    5
                  </p>
                </div>
                <div
                  class="g--4 no-margin-vertical"
                >
                  <button
                    class="btn--float "
                  >
                    +
                  </button>
                </div>
              </div>
            </div>
          </div>
          <div
            class="container"
          >
            <div
              class="g--12"
            >
              <button
                class="btn--raised w-100"
              >
                Add to cart
              </button>
            </div>
          </div>
        </div>
      </div>
    </div>
  </div>,
  "debug": [Function],
  "findAllByAltText": [Function],
  "findAllByDisplayValue": [Function],
  "findAllByLabelText": [Function],
  "findAllByPlaceholderText": [Function],
  "findAllByRole": [Function],
  "findAllByTestId": [Function],
  "findAllByText": [Function],
  "findAllByTitle": [Function],
  "findByAltText": [Function],
  "findByDisplayValue": [Function],
  "findByLabelText": [Function],
  "findByPlaceholderText": [Function],
  "findByRole": [Function],
  "findByTestId": [Function],
  "findByText": [Function],
  "findByTitle": [Function],
  "getAllByAltText": [Function],
  "getAllByDisplayValue": [Function],
  "getAllByLabelText": [Function],
  "getAllByPlaceholderText": [Function],
  "getAllByRole": [Function],
  "getAllByTestId": [Function],
  "getAllByText": [Function],
  "getAllByTitle": [Function],
  "getByAltText": [Function],
  "getByDisplayValue": [Function],
  "getByLabelText": [Function],
  "getByPlaceholderText": [Function],
  "getByRole": [Function],
  "getByTestId": [Function],
  "getByText": [Function],
  "getByTitle": [Function],
  "queryAllByAltText": [Function],
  "queryAllByDisplayValue": [Function],
  "queryAllByLabelText": [Function],
  "queryAllByPlaceholderText": [Function],
  "queryAllByRole": [Function],
  "queryAllByTestId": [Function],
  "queryAllByText": [Function],
  "queryAllByTitle": [Function],
  "queryByAltText": [Function],
  "queryByDisplayValue": [Function],
  "queryByLabelText": [Function],
  "queryByPlaceholderText": [Function],
  "queryByRole": [Function],
  "queryByTestId": [Function],
  "queryByText": [Function],
  "queryByTitle": [Function],
  "rerender": [Function],
  "unmount": [Function],
}
`;
