// Jest Snapshot v1, https://goo.gl/fbAQLP

exports[`ProductDesc renders BaseProductDesc correctly 1`] = `
Object {
  "asFragment": [Function],
  "baseElement": <body>
    <div>
      <div
        class="container container--wrap--m"
      >
        <div
          class="g--8 g-m--12"
        >
          <img
            alt="Stripe dress"
            class="img-card"
            src="model1.jpg"
          />
        </div>
        <div
          class="g--4 g-m--12"
        >
          <p
            class="mb-2 title"
          >
            Stripe dress
          </p>
          <p>
            Description
          </p>
        </div>
      </div>
    </div>
  </body>,
  "container": <div>
    <div
      class="container container--wrap--m"
    >
      <div
        class="g--8 g-m--12"
      >
        <img
          alt="Stripe dress"
          class="img-card"
          src="model1.jpg"
        />
      </div>
      <div
        class="g--4 g-m--12"
      >
        <p
          class="mb-2 title"
        >
          Stripe dress
        </p>
        <p>
          Description
        </p>
      </div>
    </div>
  </div>,
  "debug": [Function],
  "findAllByAltText": [Function],
  "findAllByDisplayValue": [Function],
  "findAllByLabelText": [Function],
  "findAllByPlaceholderText": [Function],
  "findAllByRole": [Function],
  "findAllByTestId": [Function],
  "findAllByText": [Function],
  "findAllByTitle": [Function],
  "findByAltText": [Function],
  "findByDisplayValue": [Function],
  "findByLabelText": [Function],
  "findByPlaceholderText": [Function],
  "findByRole": [Function],
  "findByTestId": [Function],
  "findByText": [Function],
  "findByTitle": [Function],
  "getAllByAltText": [Function],
  "getAllByDisplayValue": [Function],
  "getAllByLabelText": [Function],
  "getAllByPlaceholderText": [Function],
  "getAllByRole": [Function],
  "getAllByTestId": [Function],
  "getAllByText": [Function],
  "getAllByTitle": [Function],
  "getByAltText": [Function],
  "getByDisplayValue": [Function],
  "getByLabelText": [Function],
  "getByPlaceholderText": [Function],
  "getByRole": [Function],
  "getByTestId": [Function],
  "getByText": [Function],
  "getByTitle": [Function],
  "queryAllByAltText": [Function],
  "queryAllByDisplayValue": [Function],
  "queryAllByLabelText": [Function],
  "queryAllByPlaceholderText": [Function],
  "queryAllByRole": [Function],
  "queryAllByTestId": [Function],
  "queryAllByText": [Function],
  "queryAllByTitle": [Function],
  "queryByAltText": [Function],
  "queryByDisplayValue": [Function],
  "queryByLabelText": [Function],
  "queryByPlaceholderText": [Function],
  "queryByRole": [Function],
  "queryByTestId": [Function],
  "queryByText": [Function],
  "queryByTitle": [Function],
  "rerender": [Function],
  "unmount": [Function],
}
`;
